 
****************************************
Report : area
Design : counter
Version: S-2021.06-SP3
Date   : Wed Sep  6 16:29:19 2023
****************************************

Library(s) Used:

    sky130_fd_sc_hs (File: /mnt/coe/workspace/ece/ece720-common/tech/google/skywater-pdk/libraries/sky130_fd_sc_hs/v0.0.2/timing/sky130_fd_sc_hs__ss_n40C_1v60_ccsnoise.db)

Number of ports:                           16
Number of nets:                            36
Number of cells:                           23
Number of combinational cells:             17
Number of sequential cells:                 5
Number of macros/black boxes:               0
Number of buf/inv:                          1
Number of references:                      10

Combinational area:                118.281598
Buf/Inv area:                        4.795200
Noncombinational area:             172.627195
Macro/Black Box area:                0.000000
Net Interconnect area:      undefined  (No wire load specified)

Total cell area:                   290.908793
Total area:                 undefined

Core Area:                       525
Aspect Ratio:                 1.0332
Utilization Ratio:            0.5532


The above information was reported from the logical library. The following are from the physical library:

  Total moveable cell area: 290.9
  Total fixed cell area: 0.0
  Total physical cell area: 290.9
 Core area: 0.000, 0.000, 22.560, 23.310
1
