 
****************************************
Report : resources
Design : counter
Version: S-2021.06-SP3
Date   : Wed Sep  6 16:29:19 2023
****************************************


Resource Report for this hierarchy in file ../src/rtl/counter/counter.v
=============================================================================
| Cell           | Module         | Parameters | Contained Operations       |
=============================================================================
| sub_x_1        | DW01_dec       | width=4    | sub_44_S2 (counter.v:44)   |
=============================================================================


Implementation Report
===============================================================================
|                    |                  | Current            | Set            |
| Cell               | Module           | Implementation     | Implementation |
===============================================================================
| sub_x_1            | DW01_dec         | apparch (area)     |                |
===============================================================================

1
